<!DOCTYPE html>
    <!-- BEGIN HEAD -->
    <head>
        <meta charset="utf-8"/>
        <title>#GF - ПРИВАТНЫЙ ВАНИЛЬНЫЙ РП СЕРВЕР</title>
        <meta http-equiv="X-UA-Compatible" content="IE=edge">
        <meta content="width=device-width, initial-scale=1" name="viewport"/>
        <meta content="" name="description"/>
        <meta content="" name="author"/>

<link rel="apple-touch-icon" sizes="152x152" href="favicons/apple-touch-icon.png">
<link rel="icon" type="image/png" sizes="32x32" href="favicons/favicon-32x32.png">
<link rel="icon" type="image/png" sizes="16x16" href="favicons/favicon-16x16.png">
<link rel="manifest" href="favicons/site.webmanifest">
<link rel="mask-icon" href="favicons/safari-pinned-tab.svg" color="#5bbad5">
<meta name="msapplication-TileColor" content="#da532c">
<meta name="theme-color" content="#ffffff">

        <!-- GLOBAL MANDATORY STYLES -->
        <link href="http://fonts.googleapis.com/css?family=Hind:300,400,500,600,700" rel="stylesheet" type="text/css">
        <link href="vendor/simple-line-icons/css/simple-line-icons.css" rel="stylesheet" type="text/css"/>
        <link href="vendor/bootstrap/css/bootstrap.min.css" rel="stylesheet" type="text/css"/>

        <!-- PAGE LEVEL PLUGIN STYLES -->
        <link href="css/animate.css" rel="stylesheet">

        <!-- THEME STYLES -->
        <link href="css/layout.min.css" rel="stylesheet" type="text/css"/>

        <!-- Favicon -->
        <link rel="shortcut icon" href="favicon.ico"/>
    </head>
    <!-- END HEAD -->

    <!-- BODY -->
    <body id="body" data-spy="scroll" data-target=".header">

        <!--========== HEADER ==========-->
        <header class="header navbar-fixed-top">
            <!-- Navbar -->
            <nav class="navbar" role="navigation">
                <div class="container">
                    <!-- Brand and toggle get grouped for better mobile display -->
                    <div class="menu-container js_nav-item">
                        <button type="button" class="navbar-toggle" data-toggle="collapse" data-target=".nav-collapse">
                            <span class="sr-only">Toggle navigation</span>
                            <span class="toggle-icon"></span>
                        </button>

                        <!-- Logo -->
                        <div class="logo">
                            <a class="logo-wrap" href="#body">
                                
                            </a>
                        </div>
                        <!-- End Logo -->
                    </div>

                    <!-- Collect the nav links, forms, and other content for toggling -->
                    <div class="collapse navbar-collapse nav-collapse">
                        <div class="menu-container">
                            <ul class="nav navbar-nav navbar-nav-right">
                                <li class="js_nav-item nav-item"><a class="nav-item-child nav-item-hover" href="#body">ГЛАВНАЯ</a></li>
                                <li class="js_nav-item nav-item"><a class="nav-item-child nav-item-hover" href="#about">О СЕРВЕРЕ</a></li>
                                <li class="js_nav-item nav-item"><a class="nav-item-child nav-item-hover" href="#experience">ПРЕИМУЩЕСТВА</a></li>
                                <li class="js_nav-item nav-item"><a class="nav-item-child nav-item-hover" href="#contact">ВОЙТИ НА СЕРВЕР</a></li>
                            </ul>
                        </div>
                    </div>
                    <!-- End Navbar Collapse -->
                </div>
            </nav>
            <!-- Navbar -->
        </header>
        <!--========== END HEADER ==========-->

        <!--========== SLIDER ==========-->
        <div class="promo-block parallax-window" data-parallax="scroll" data-image-src="img/1920x1080/01.jpg">
            <div class="container">
                <div class="row">
                    <div class="col-sm-6">
                        <div class="promo-block-divider">
                            <h1 class="promo-block-title">#GF-<br/>Все когда-то сбудеться</h1>
                            <p class="promo-block-text">Приватный &amp; Cервер</p>
                        </div>
                        <ul class="list-inline">
                        </ul>
                    </div>
                </div>
                <!--// end row -->
            </div>
        </div>
        <!--========== SLIDER ==========-->

        <!--========== PAGE LAYOUT ==========-->
        <!-- About -->
        <div id="about">
            <div class="container content-lg">
                <div class="row">
                    <div class="col-sm-3 sm-margin-b-30">
                        <div class="text-right sm-text-left">
                            <h2 class="margin-b-0">О СЕРВЕРЕ</h2>
                            <p>КРАТКО О СЕРВЕРЕ!</p>
                        </div>
                    </div>
                    <div class="col-sm-8 col-sm-offset-1">
                        <div class="margin-b-60">
                            <p>#GF-GoldenFish - Это приватно ванильный рп сервер на котором нету : плтаных админок , приватов , регионов и прочих атрибутов "Школо Серверов" </p>
                            <p>Только ванила , адектватная администрация , приятное комтюнити и атмосфера !</p>
                        </div>

                        <!-- Progress Box -->
                        <div class="progress-box">
                            <h5>Каждую неделю на сервере прирост игроков:<span class="color-heading pull-right">50%</span></h5>
                            <div class="progress">
                                <div class="progress-bar bg-color-base" role="progressbar" data-width="50"></div>
                            </div>
                        </div>
                        <div class="progress-box">
                            <h5>В разработке свой собственый ресурс пак :<span class="color-heading pull-right">95%</span></h5>
                            <div class="progress">
                                <div class="progress-bar bg-color-base" role="progressbar" data-width="95"></div>
                            </div>
                        </div>
                        <div class="progress-box">
                            <h5>На сервере присутсвует отличная защита от читеров !<span class="color-heading pull-right">100%</span></h5>
                            <div class="progress">
                                <div class="progress-bar bg-color-base" role="progressbar" data-width="100"></div>
                            </div>
                        </div>
                        <!-- End Progress Box -->
                    </div>
                </div>
                <!--// end row -->
            </div>
        </div>
        <!-- End About -->

        <!-- Experience -->
        <div id="experience">
            <div class="bg-color-sky-light" data-auto-height="true">
                <div class="container content-lg">
                    <div class="row">
                        <div class="col-sm-3 sm-margin-b-30">
                            <div class="text-right sm-text-left">
                                <h2 class="margin-b-0">ПРЕИМУЩЕСТВА</h2>
                                <p>ПРЕИМУЩЕСТВА НАШЕГО СЕРВЕРА НАД ДРУГИМИ !</p>
                            </div>
                        </div>
                        <div class="col-sm-8 col-sm-offset-1">
                            <div class="row row-space-2 margin-b-4">
                                <div class="col-md-4 md-margin-b-4">
                                    <div class="service" data-height="height">
                                        <div class="service-element">
                                            <i class="service-icon icon-user"></i>
                                        </div>
                                        <div class="service-info">
                                            <h3>КОМЬЮНИТИ/АДМИНИСТРАЦИЯ </h3>
                                            <p class="margin-b-5">Ламповое комьюнити , адектватная администрация , приятная атмосфера на ивентах и просто в общении с игроками !</p>
                                        </div>
                                        <a href="#" class="content-wrapper-link"></a>    
                                    </div>
                                </div>
                                <div class="col-md-4 md-margin-b-4">
                                    <div class="service bg-color-base wow zoomIn" data-height="height" data-wow-duration=".3" data-wow-delay=".1s">
                                        <div class="service-element">
                                            <i class="service-icon color-white icon-energy"></i>
                                        </div>
                                        <div class="service-info">
                                            <h3 class="color-white">ОНЛАЙН/<br/>ONLINE</h3>
                                            <p class="color-white margin-b-5">На сервере присутсвует стабильный онлайн ! Как вы могли читать ранее онлайн ростёт каждую неделю ! </p>
                                        </div>
                                        <a href="#" class="content-wrapper-link"></a>    
                                    </div>
                                </div>
                                <div class="col-md-4">
                                    <div class="service" data-height="height">
                                        <div class="service-element">
                                            <i class="service-icon icon-shield"></i>
                                        </div>
                                        <div class="service-info">
                                            <h3>АНТИЧИТ/<br/>ANTICHEAT</h3>
                                            <p class="margin-b-5">На сервере присутсвует хорошая защита от читов и ДДОС и ДОС атак ! </p>
                                        </div>
                                        <a href="#" class="content-wrapper-link"></a>    
                                    </div>
                                </div>
                            </div>
                            <!--// end row -->
                        </div>
                    </div>
                    <!--// end row -->
                </div>
            </div>
        </div>
        <!-- End Experience -->   
        <!-- Contact -->
        <div id="contact">
            <div class="bg-color-sky-light">
                <div class="container content-lg">
                    <div class="row">
                        <div class="col-sm-3 sm-margin-b-30">
                            <div class="text-right sm-text-left">
                                <h2 class="margin-b-0">КОНТАКТЫ</h2>
                                <p>РАБОТАЕМ 24/7</p>
                            </div>
                        </div>
                        <div class="col-sm-8 col-sm-offset-1">
                            <div class="row">
                                <div class="col-md-3 col-xs-6 md-margin-b-30">
                                    <h5>ЗАЯВКИ НА СЕРВЕР</h5>
                                    <a href="https://discord.gg/zRXCFFNFsm" target="_blank">Подать заявку !</a>
                                </div>
                                <div class="col-md-3 col-xs-6 md-margin-b-30">
                                    <h5>НАША ГРУПА В ВК</h5>
                                    <a href="https://vk.com/wall-205272593_15" target="_blank">Зайти в группу !</a>
                                </div>
                                <div class="col-md-3 col-xs-6">
                                    <h5>goldenfish.joinserver.ru</h5>
                                    <a href="#" target="_blank">Айпи сервера !</a>
                                </div>
                                <div class="col-md-3 col-xs-6">
                                </div>
                            </div>
                        </div>
                    </div>
                    <!--// end row -->
                </div>
            </div>
        </div>
        <!-- End Contact -->
        <!--========== END PAGE LAYOUT ==========-->

        <!--========== FOOTER ==========-->
        <footer class="footer">
            <div class="content container">
                <div class="row">
                    <div class="col-xs-6">
                    </div>
                    <div class="col-xs-6 text-right sm-text-left">
                        <p class="margin-b-0"><a class="fweight-700" href="#">GOLDEN - FISH WEB</a> create by: <a class="fweight-700" href="#">YARMAK MAKS</a></p>
                    </div>
                </div>
                <!--// end row -->
            </div>
        </footer>
        <!--========== END FOOTER ==========-->

        <!-- Back To Top -->
        <a href="javascript:void(0);" class="js-back-to-top back-to-top">Top</a>

        <!-- JAVASCRIPTS(Load javascripts at bottom, this will reduce page load time) -->
        <!-- CORE PLUGINS -->
        <script src="vendor/jquery.min.js" type="text/javascript"></script>
        <script src="vendor/jquery-migrate.min.js" type="text/javascript"></script>
        <script src="vendor/bootstrap/js/bootstrap.min.js" type="text/javascript"></script>

        <!-- PAGE LEVEL PLUGINS -->
        <script src="vendor/jquery.easing.js" type="text/javascript"></script>
        <script src="vendor/jquery.back-to-top.js" type="text/javascript"></script>
        <script src="vendor/jquery.smooth-scroll.js" type="text/javascript"></script>
        <script src="vendor/jquery.wow.min.js" type="text/javascript"></script>
        <script src="vendor/jquery.parallax.min.js" type="text/javascript"></script>
        <script src="vendor/jquery.appear.js" type="text/javascript"></script>
        <script src="vendor/masonry/jquery.masonry.pkgd.min.js" type="text/javascript"></script>
        <script src="vendor/masonry/imagesloaded.pkgd.min.js" type="text/javascript"></script>

        <!-- PAGE LEVEL SCRIPTS -->
        <script src="js/layout.min.js" type="text/javascript"></script>
        <script src="js/components/progress-bar.min.js" type="text/javascript"></script>
        <script src="js/components/masonry.min.js" type="text/javascript"></script>
        <script src="js/components/wow.min.js" type="text/javascript"></script>

    </body>
    <!-- END BODY -->
</html>